@global var _FX_EXN_E16exception__MyErr: int32 = 0
exception _fx_E16exception__MyErri: int
fun _fx_M9exceptionFM10make_MyErrE1i(arg0@g0: int): exn = Constructor(exn(MyErr@g1))

@temp val v@g2: int =
   try {
      @temp val v@g3: exn = _fx_E16exception__MyErri(-7); throw v@g3
   } catch {
      val exn@g4: exn = __intrin_pop_exn__()
      @temp val tag@g5: int32 = __intrin_variant_tag__(exn@g4)
      if tag@g5 == _FX_EXN_E16exception__MyErr {
         @temp val e@g6: int = __intrin_variant_case__(exn@g4, _fx_E16exception__MyErri); -e@g6
      }
      else {
         rethrow exn@g4
      }

   }
_fx_F5printv1i(v@g2)
_fx_F12print_stringv1S("\n")
