from Builtins import *
from Math import *
from Complex import *
from Array import *
import List
import Vector
import Char
import String
val fold.s@g0: int =
   {
      var fold.acc@g1: int = 0
      for fold.x@g2 <- [1, 2, 3, 4, 5] { <int>fold.acc@g1 = (<int>fold.acc@g1 + <int>fold.x@g2) }
      <int>fold.acc@g1
   }
<(int -> void)>Builtins.println@g3(<int>fold.s@g0)
