from Builtins import *
from Math import *
from Complex import *
from Array import *
import List
import Vector
import Char
import String
fun option.unwrap@g0(option.o@g1: int Builtins.option@g2): (int Builtins.option@g2 -> int) =
{ match <int Builtins.option@g2>option.o@g1 { | Builtins.Some@g3(option.v@g4) => <int>option.v@g4 | _ => 0} }

<(int ->
    void)>Builtins.println@g5(<(int Builtins.option@g2 ->
                                   int)>option.unwrap@g0(<(int -> int Builtins.option@g2)>Builtins.Some@g3(5)))
<(int ->
    void)>Builtins.println@g5(<(int Builtins.option@g2 ->
                                   int)>option.unwrap@g0(<int Builtins.option@g2>Builtins.None@g6))
