fun overload_resolve.pick@g0(x@g1: int): int { x@g1 + 1 }

fun overload_resolve.pick@g2(x@g3: float): int { 2 }

@instance fun overload_resolve.pick@g4(x@g5: int list): int { 0 }

@instance fun overload_resolve.pick@g6(x@g7: string): int { 0 }

@global val overload_resolve.a@g8: int = overload_resolve.pick@g0(5)
@global val overload_resolve.b@g9: int = overload_resolve.pick@g2(3.0f)
@global val overload_resolve.c@g10: int = overload_resolve.pick@g6("hi")
@temp val z@g11: int list = null
@temp val v@g12: int list = 2 :: z@g11
@temp val v@g13: int list = 1 :: v@g12
@global val overload_resolve.d@g14: int = overload_resolve.pick@g4(v@g13)
@temp val v@g15: string = string@g16(overload_resolve.a@g8)
@temp val v@g17: string = __intrin_str_concat__(v@g15, " ")
@temp val v@g18: string = string@g16(overload_resolve.b@g9)
@temp val v@g19: string = __intrin_str_concat__(v@g17, v@g18)
@temp val v@g20: string = __intrin_str_concat__(v@g19, " ")
@temp val v@g21: string = string@g16(overload_resolve.c@g10)
@temp val v@g22: string = __intrin_str_concat__(v@g20, v@g21)
@temp val v@g23: string = __intrin_str_concat__(v@g22, " ")
@temp val v@g24: string = string@g16(overload_resolve.d@g14)
@temp val v@g25: string = __intrin_str_concat__(v@g23, v@g24)
println@g26(v@g25)
