from Builtins import *
from Math import *
from Complex import *
from Array import *
import List
import Rrbvec
import Char
import String
fun overload_resolve.pick@g0(overload_resolve.x@g1: int): (int -> int) = { (<int>overload_resolve.x@g1 + 1) }

fun overload_resolve.pick@g2(overload_resolve.x@g3: float): (float -> int) = { 2 }

template<'t> fun overload_resolve.pick@g4(x: 't): ('t -> int) = { 0 }
[[instances:
   @instance fun overload_resolve.pick@g5(overload_resolve.x@g6: int list): (int list -> int) = { 0 }

   @instance fun overload_resolve.pick@g7(overload_resolve.x@g8: string): (string -> int) = { 0 }

   ]]
val overload_resolve.a@g9: int = <(int -> int)>overload_resolve.pick@g0(5)
val overload_resolve.b@g10: int = <(float -> int)>overload_resolve.pick@g2(3.0f)
val overload_resolve.c@g11: int = <(string -> int)>overload_resolve.pick@g7("hi")
val overload_resolve.d@g12: int = <(int list -> int)>overload_resolve.pick@g5((1 :: 2 :: []))
<(string ->
    void)>Builtins.println@g13(((((((<(int -> string)>Builtins.string@g14(<int>overload_resolve.a@g9) + " ") +
                                      <(int -> string)>Builtins.string@g14(<int>overload_resolve.b@g10)) + " ") +
                                    <(int -> string)>Builtins.string@g14(<int>overload_resolve.c@g11)) + " ") +
                                  <(int -> string)>Builtins.string@g14(<int>overload_resolve.d@g12)))
